// Jest Snapshot v1, https://goo.gl/fbAQLP

exports[`renders properly 1`] = `
<div>
  <div
    style={
      Object {
        "height": 400,
        "overflow": "hidden",
        "position": "relative",
        "whiteSpace": "nowrap",
      }
    }
  >
    <div>
      <div
        style={
          Object {
            "height": 40,
          }
        }
      >
        sequence 1
      </div>
      <div
        style={
          Object {
            "height": 40,
          }
        }
      >
        sequence 2
      </div>
      <div
        style={
          Object {
            "height": 40,
          }
        }
      >
        sequence 3
      </div>
      <div
        style={
          Object {
            "height": 40,
          }
        }
      >
        sequence 4
      </div>
      <div
        style={
          Object {
            "height": 40,
          }
        }
      >
        sequence 5
      </div>
      <div
        style={
          Object {
            "height": 40,
          }
        }
      >
        sequence 6
      </div>
      <div
        style={
          Object {
            "height": 40,
          }
        }
      >
        sequence 7
      </div>
    </div>
  </div>
</div>
`;
